../Core/Src/main.c:178:6:HD44780_Init	16	static
../Core/Src/main.c:233:6:HD44780_Clear	8	static
../Core/Src/main.c:239:6:HD44780_Home	8	static
../Core/Src/main.c:245:6:HD44780_SetCursor	40	static
../Core/Src/main.c:255:6:HD44780_NoDisplay	8	static
../Core/Src/main.c:261:6:HD44780_Display	8	static
../Core/Src/main.c:267:6:HD44780_NoCursor	8	static
../Core/Src/main.c:273:6:HD44780_Cursor	8	static
../Core/Src/main.c:279:6:HD44780_NoBlink	8	static
../Core/Src/main.c:285:6:HD44780_Blink	8	static
../Core/Src/main.c:291:6:HD44780_ScrollDisplayLeft	8	static
../Core/Src/main.c:296:6:HD44780_ScrollDisplayRight	8	static
../Core/Src/main.c:301:6:HD44780_LeftToRight	8	static
../Core/Src/main.c:307:6:HD44780_RightToLeft	8	static
../Core/Src/main.c:313:6:HD44780_AutoScroll	8	static
../Core/Src/main.c:319:6:HD44780_NoAutoScroll	8	static
../Core/Src/main.c:325:6:HD44780_CreateSpecialChar	24	static
../Core/Src/main.c:335:6:HD44780_PrintSpecialChar	16	static
../Core/Src/main.c:340:6:HD44780_LoadCustomCharacter	16	static
../Core/Src/main.c:345:6:HD44780_PrintStr	16	static
../Core/Src/main.c:350:6:HD44780_SetBacklight	16	static
../Core/Src/main.c:356:6:HD44780_NoBacklight	8	static
../Core/Src/main.c:362:6:HD44780_Backlight	8	static
../Core/Src/main.c:368:13:SendCommand	16	static
../Core/Src/main.c:373:13:SendChar	16	static
../Core/Src/main.c:378:13:Send	24	static
../Core/Src/main.c:386:13:Write4Bits	16	static
../Core/Src/main.c:392:13:ExpanderWrite	32	static
../Core/Src/main.c:398:13:PulseEnable	16	static
../Core/Src/main.c:407:13:DelayInit	4	static,ignoring_inline_asm
../Core/Src/main.c:423:13:DelayUS	32	static
../Core/Src/main.c:439:5:main	8	static
../Core/Src/main.c:505:6:SystemClock_Config	88	static
../Core/Src/main.c:547:13:MX_I2C1_Init	8	static
../Core/Src/main.c:595:13:MX_GPIO_Init	56	static
../Core/Src/main.c:703:6:Error_Handler	4	static,ignoring_inline_asm
